python : C:\college-placement-platform\Col
lege-Placement-Portal\backend\backend\util
s\gemini.py:1: FutureWarning: 
At line:1 char:1
+ python verify_robustness.py > 
test_output.txt 2>&1; type test_output. 
...
+ ~~~~~~~~~~~~~~~~~~~~~~~~~~~~~~~~~~~~~~~~
~~~~~~~~~~
    + CategoryInfo          : NotSpecifie 
   d: (C:\college-plac...FutureWarning:   
  :String) [], RemoteException
    + FullyQualifiedErrorId : NativeComma 
   ndError
 

All support for the `google.generativeai` 
package has ended. It will no longer be 
receiving 
updates or bug fixes. Please switch to 
the `google.genai` package as soon as 
possible.
See README for more details:

https://github.com/google-gemini/deprecate
d-generative-ai-python/blob/main/README.md

  import google.generativeai as genai
Testing error handling in generate_interview_questions...
Gemini API Error in generate_interview_questions: Simulated API Error
Fallback: Failed to generate interview questions: API Error
Result type: <class 'list'>
PASS: Handled API error and returned fallback list of length 5.

Testing error handling in evaluate_interview_performance...
Gemini API Error in evaluate_interview_performance: Simulated API Error
Fallback: Failed to evaluate interview performance: API Error
Result type: <class 'dict'>
PASS: Handled API error and returned fallback dict with all expected keys.
PASS: Fallback indicator found in summary.
